Archive member included to satisfy reference by file (symbol)

c:/gmd/toolchain/arm_toolchain/bin/../lib/gcc/arm-none-eabi/8.3.1/thumb/v7-m/nofp\libgcc.a(_arm_addsubdf3.o)
                              ./template/algorithm.o (__aeabi_dsub)
c:/gmd/toolchain/arm_toolchain/bin/../lib/gcc/arm-none-eabi/8.3.1/thumb/v7-m/nofp\libgcc.a(_arm_muldivdf3.o)
                              ./template/algorithm.o (__aeabi_dmul)
c:/gmd/toolchain/arm_toolchain/bin/../lib/gcc/arm-none-eabi/8.3.1/thumb/v7-m/nofp\libgcc.a(_arm_cmpdf2.o)
                              ./template/algorithm.o (__aeabi_dcmpeq)
c:/gmd/toolchain/arm_toolchain/bin/../lib/gcc/arm-none-eabi/8.3.1/thumb/v7-m/nofp\libgcc.a(_arm_truncdfsf2.o)
                              ./template/strio.o (__aeabi_d2f)
c:/gmd/toolchain/arm_toolchain/bin/../lib/gcc/arm-none-eabi/8.3.1/thumb/v7-m/nofp\libgcc.a(_arm_addsubsf3.o)
                              ./template/strio.o (__aeabi_fsub)
c:/gmd/toolchain/arm_toolchain/bin/../lib/gcc/arm-none-eabi/8.3.1/thumb/v7-m/nofp\libgcc.a(_arm_muldivsf3.o)
                              ./template/strio.o (__aeabi_fmul)
c:/gmd/toolchain/arm_toolchain/bin/../lib/gcc/arm-none-eabi/8.3.1/thumb/v7-m/nofp\libgcc.a(_arm_cmpsf2.o)
                              ./template/strio.o (__aeabi_fcmplt)
c:/gmd/toolchain/arm_toolchain/bin/../lib/gcc/arm-none-eabi/8.3.1/thumb/v7-m/nofp\libgcc.a(_arm_fixsfsi.o)
                              ./template/strio.o (__aeabi_f2iz)
c:/gmd/toolchain/arm_toolchain/bin/../lib/gcc/arm-none-eabi/8.3.1/../../../../arm-none-eabi/lib/thumb/v7-m/nofp\libg.a(lib_a-exit.o)
                              c:/gmd/toolchain/arm_toolchain/bin/../lib/gcc/arm-none-eabi/8.3.1/../../../../arm-none-eabi/lib/thumb/v7-m/nofp/crt0.o (exit)
c:/gmd/toolchain/arm_toolchain/bin/../lib/gcc/arm-none-eabi/8.3.1/../../../../arm-none-eabi/lib/thumb/v7-m/nofp\libg.a(lib_a-impure.o)
                              c:/gmd/toolchain/arm_toolchain/bin/../lib/gcc/arm-none-eabi/8.3.1/../../../../arm-none-eabi/lib/thumb/v7-m/nofp\libg.a(lib_a-exit.o) (_global_impure_ptr)
c:/gmd/toolchain/arm_toolchain/bin/../lib/gcc/arm-none-eabi/8.3.1/../../../../arm-none-eabi/lib/thumb/v7-m/nofp\libg.a(lib_a-init.o)
                              c:/gmd/toolchain/arm_toolchain/bin/../lib/gcc/arm-none-eabi/8.3.1/../../../../arm-none-eabi/lib/thumb/v7-m/nofp/crt0.o (__libc_init_array)
c:/gmd/toolchain/arm_toolchain/bin/../lib/gcc/arm-none-eabi/8.3.1/../../../../arm-none-eabi/lib/thumb/v7-m/nofp\libg.a(lib_a-memcpy.o)
                              ./template/algorithm.o (memcpy)
c:/gmd/toolchain/arm_toolchain/bin/../lib/gcc/arm-none-eabi/8.3.1/../../../../arm-none-eabi/lib/thumb/v7-m/nofp\libg.a(lib_a-memset.o)
                              c:/gmd/toolchain/arm_toolchain/bin/../lib/gcc/arm-none-eabi/8.3.1/../../../../arm-none-eabi/lib/thumb/v7-m/nofp/crt0.o (memset)
c:/gmd/toolchain/arm_toolchain/bin/../lib/gcc/arm-none-eabi/8.3.1/../../../../arm-none-eabi/lib/thumb/v7-m/nofp\libg.a(lib_a-__call_atexit.o)
                              c:/gmd/toolchain/arm_toolchain/bin/../lib/gcc/arm-none-eabi/8.3.1/../../../../arm-none-eabi/lib/thumb/v7-m/nofp\libg.a(lib_a-exit.o) (__call_exitprocs)
c:/gmd/toolchain/arm_toolchain/bin/../lib/gcc/arm-none-eabi/8.3.1/../../../../arm-none-eabi/lib/thumb/v7-m/nofp\libg.a(lib_a-atexit.o)
                              c:/gmd/toolchain/arm_toolchain/bin/../lib/gcc/arm-none-eabi/8.3.1/../../../../arm-none-eabi/lib/thumb/v7-m/nofp\libg.a(lib_a-__call_atexit.o) (atexit)
c:/gmd/toolchain/arm_toolchain/bin/../lib/gcc/arm-none-eabi/8.3.1/../../../../arm-none-eabi/lib/thumb/v7-m/nofp\libg.a(lib_a-fini.o)
                              c:/gmd/toolchain/arm_toolchain/bin/../lib/gcc/arm-none-eabi/8.3.1/../../../../arm-none-eabi/lib/thumb/v7-m/nofp\libg.a(lib_a-__call_atexit.o) (__libc_fini_array)
c:/gmd/toolchain/arm_toolchain/bin/../lib/gcc/arm-none-eabi/8.3.1/../../../../arm-none-eabi/lib/thumb/v7-m/nofp\libg.a(lib_a-lock.o)
                              c:/gmd/toolchain/arm_toolchain/bin/../lib/gcc/arm-none-eabi/8.3.1/../../../../arm-none-eabi/lib/thumb/v7-m/nofp\libg.a(lib_a-__call_atexit.o) (__retarget_lock_acquire_recursive)
c:/gmd/toolchain/arm_toolchain/bin/../lib/gcc/arm-none-eabi/8.3.1/../../../../arm-none-eabi/lib/thumb/v7-m/nofp\libg.a(lib_a-__atexit.o)
                              c:/gmd/toolchain/arm_toolchain/bin/../lib/gcc/arm-none-eabi/8.3.1/../../../../arm-none-eabi/lib/thumb/v7-m/nofp\libg.a(lib_a-atexit.o) (__register_exitproc)
c:/gmd/toolchain/arm_toolchain/bin/../lib/gcc/arm-none-eabi/8.3.1/../../../../arm-none-eabi/lib/thumb/v7-m/nofp\libm.a(lib_a-s_atan.o)
                              ./template/mymath.o (atan)
c:/gmd/toolchain/arm_toolchain/bin/../lib/gcc/arm-none-eabi/8.3.1/../../../../arm-none-eabi/lib/thumb/v7-m/nofp\libm.a(lib_a-s_cos.o)
                              ./template/mymath.o (cos)
[...]
Memory Configuration

Name             Origin             Length             Attributes
FLASH            0x00000000         0x00008000         xr
RAM              0x20000000         0x00002000         xrw
*default*        0x00000000         0xffffffff

Linker script and memory map

LOAD c:/gmd/toolchain/arm_toolchain/bin/../lib/gcc/arm-none-eabi/8.3.1/thumb/v7-m/nofp/crti.o
LOAD c:/gmd/toolchain/arm_toolchain/bin/../lib/gcc/arm-none-eabi/8.3.1/thumb/v7-m/nofp/crtbegin.o
LOAD c:/gmd/toolchain/arm_toolchain/bin/../lib/gcc/arm-none-eabi/8.3.1/../../../../arm-none-eabi/lib/thumb/v7-m/nofp/crt0.o
LOAD ./template/algorithm.o
LOAD ./template/global_variable.o
LOAD ./template/gw1ns4c_it.o
LOAD ./template/linealg.o
LOAD ./template/main.o
LOAD ./template/mymath.o
LOAD ./template/strio.o
LOAD ./lib/StdPeriph_Driver/Sources/gw1ns4c_gpio.o
LOAD ./lib/StdPeriph_Driver/Sources/gw1ns4c_i2c.o
LOAD ./lib/StdPeriph_Driver/Sources/gw1ns4c_misc.o
LOAD ./lib/StdPeriph_Driver/Sources/gw1ns4c_rtc.o
LOAD ./lib/StdPeriph_Driver/Sources/gw1ns4c_spi.o
LOAD ./lib/StdPeriph_Driver/Sources/gw1ns4c_syscon.o
LOAD ./lib/StdPeriph_Driver/Sources/gw1ns4c_timer.o
LOAD ./lib/StdPeriph_Driver/Sources/gw1ns4c_uart.o
LOAD ./lib/StdPeriph_Driver/Sources/gw1ns4c_wdog.o
LOAD ./lib/CMSIS/DeviceSupport/system/system_gw1ns4c.o
LOAD ./lib/CMSIS/DeviceSupport/startup/gmd/startup_gw1ns4c.o
LOAD ./lib/CMSIS/CoreSupport/gmd/core_cm3.o
LOAD ./retarget.o
START GROUP
LOAD c:/gmd/toolchain/arm_toolchain/bin/../lib/gcc/arm-none-eabi/8.3.1/thumb/v7-m/nofp\libgcc.a
LOAD c:/gmd/toolchain/arm_toolchain/bin/../lib/gcc/arm-none-eabi/8.3.1/../../../../arm-none-eabi/lib/thumb/v7-m/nofp\libg.a
LOAD c:/gmd/toolchain/arm_toolchain/bin/../lib/gcc/arm-none-eabi/8.3.1/../../../../arm-none-eabi/lib/thumb/v7-m/nofp\libc.a
END GROUP
LOAD c:/gmd/toolchain/arm_toolchain/bin/../lib/gcc/arm-none-eabi/8.3.1/thumb/v7-m/nofp/crtend.o
LOAD c:/gmd/toolchain/arm_toolchain/bin/../lib/gcc/arm-none-eabi/8.3.1/thumb/v7-m/nofp/crtn.o
START GROUP
LOAD c:/gmd/toolchain/arm_toolchain/bin/../lib/gcc/arm-none-eabi/8.3.1/thumb/v7-m/nofp\libgcc.a
LOAD c:/gmd/toolchain/arm_toolchain/bin/../lib/gcc/arm-none-eabi/8.3.1/../../../../arm-none-eabi/lib/thumb/v7-m/nofp\libc.a
LOAD c:/gmd/toolchain/arm_toolchain/bin/../lib/gcc/arm-none-eabi/8.3.1/../../../../arm-none-eabi/lib/thumb/v7-m/nofp\libm.a
LOAD c:/gmd/toolchain/arm_toolchain/bin/../lib/gcc/arm-none-eabi/8.3.1/../../../../arm-none-eabi/lib/thumb/v7-m/nofp\libnosys.a
END GROUP

.text           0x00000000     0x6538
 *(.isr_vector)
 .isr_vector    0x00000000       0xc0 ./lib/CMSIS/DeviceSupport/startup/gmd/startup_gw1ns4c.o
                0x00000000                __isr_vector
 *(.text*)
 .text.bearing_init
                0x000000c0       0x68 ./template/algorithm.o
                0x000000c0                bearing_init
 .text.preparing_values
                0x00000128       0xfc ./template/algorithm.o
                0x00000128                preparing_values
 *fill*         0x00000224        0x4 
 .text.bearing  0x00000228      0x14c ./template/algorithm.o
                0x00000228                bearing
 .text.deviation_src_akhmestafina
                0x00000374      0x13c ./template/algorithm.o
                0x00000374                deviation_src_akhmestafina
 .text.deviation_src_ru2377594C1
                0x000004b0      0x100 ./template/algorithm.o
                0x000004b0                deviation_src_ru2377594C1
 .text.__xline  0x000005b0       0x4c ./template/algorithm.o
 .text.__yline  0x000005fc       0x44 ./template/algorithm.o
 .text.__getflp
                0x00000640       0x48 ./template/algorithm.o
 .text.line_search_point
                0x00000688      0x294 ./template/algorithm.o
                0x00000688                line_search_point
 *fill*         0x0000091c        0x4 
 .text.__search_sound_source_2
                0x00000920      0x1d0 ./template/algorithm.o
 .text.search_sound_source
                0x00000af0      0x1e0 ./template/algorithm.o
                0x00000af0                search_sound_source
 .text.NMI_Handler
                0x00000cd0        0xc ./template/gw1ns4c_it.o
                0x00000cd0                NMI_Handler
 .text.HardFault_Handler
                0x00000cdc        0x6 ./template/gw1ns4c_it.o
                0x00000cdc                HardFault_Handler
 .text.MemManage_Handler
                0x00000ce2        0x6 ./template/gw1ns4c_it.o
                0x00000ce2                MemManage_Handler
 .text.BusFault_Handler
                0x00000ce8        0x6 ./template/gw1ns4c_it.o
                0x00000ce8                BusFault_Handler
 .text.UsageFault_Handler
                0x00000cee        0x6 ./template/gw1ns4c_it.o
                0x00000cee                UsageFault_Handler
 .text.SVC_Handler
                0x00000cf4        0xc ./template/gw1ns4c_it.o
                0x00000cf4                SVC_Handler
 .text.DebugMon_Handler
                0x00000d00        0xc ./template/gw1ns4c_it.o
                0x00000d00                DebugMon_Handler
 .text.PendSV_Handler
                0x00000d0c        0xc ./template/gw1ns4c_it.o
                0x00000d0c                PendSV_Handler
 .text.SysTick_Handler
                0x00000d18        0xc ./template/gw1ns4c_it.o
                0x00000d18                SysTick_Handler
 .text.USER_INT0_Handler
                0x00000d24        0xc ./template/gw1ns4c_it.o
                0x00000d24                USER_INT0_Handler
 .text.USER_INT1_Handler
                0x00000d30        0xc ./template/gw1ns4c_it.o
                0x00000d30                USER_INT1_Handler
 .text.USER_INT2_Handler
                0x00000d3c        0xc ./template/gw1ns4c_it.o
                0x00000d3c                USER_INT2_Handler
 .text.USER_INT3_Handler
                0x00000d48        0xc ./template/gw1ns4c_it.o
                0x00000d48                USER_INT3_Handler
 .text.USER_INT4_Handler
                0x00000d54        0xc ./template/gw1ns4c_it.o
                0x00000d54                USER_INT4_Handler
 .text.USER_INT5_Handler
                0x00000d60        0xc ./template/gw1ns4c_it.o
                0x00000d60                USER_INT5_Handler
 .text.UART0_Handler
                0x00000d6c        0xc ./template/gw1ns4c_it.o
                0x00000d6c                UART0_Handler
 .text.UART1_Handler
                0x00000d78        0xc ./template/gw1ns4c_it.o
                0x00000d78                UART1_Handler
 .text.TIMER0_Handler
                0x00000d84        0xc ./template/gw1ns4c_it.o
                0x00000d84                TIMER0_Handler
 .text.TIMER1_Handler
                0x00000d90        0xc ./template/gw1ns4c_it.o
                0x00000d90                TIMER1_Handler
 .text.I2C_Handler
                0x00000d9c        0xc ./template/gw1ns4c_it.o
                0x00000d9c                I2C_Handler
 .text.RTC_Handler
                0x00000da8        0xc ./template/gw1ns4c_it.o
                0x00000da8                RTC_Handler
 .text.PORT0_0_Handler
                0x00000db4        0xc ./template/gw1ns4c_it.o
                0x00000db4                PORT0_0_Handler
 .text.PORT0_1_Handler
                0x00000dc0        0xc ./template/gw1ns4c_it.o
                0x00000dc0                PORT0_1_Handler
 .text.PORT0_2_Handler
                0x00000dcc        0xc ./template/gw1ns4c_it.o
                0x00000dcc                PORT0_2_Handler
 .text.PORT0_3_Handler
                0x00000dd8        0xc ./template/gw1ns4c_it.o
                0x00000dd8                PORT0_3_Handler
 .text.PORT0_4_Handler
                0x00000de4        0xc ./template/gw1ns4c_it.o
                0x00000de4                PORT0_4_Handler
 .text.PORT0_5_Handler
                0x00000df0        0xc ./template/gw1ns4c_it.o
                0x00000df0                PORT0_5_Handler
 .text.PORT0_6_Handler
                0x00000dfc        0xc ./template/gw1ns4c_it.o
                0x00000dfc                PORT0_6_Handler
 .text.PORT0_7_Handler
                0x00000e08        0xc ./template/gw1ns4c_it.o
                0x00000e08                PORT0_7_Handler
 .text.PORT0_8_Handler
                0x00000e14        0xc ./template/gw1ns4c_it.o
                0x00000e14                PORT0_8_Handler
 .text.PORT0_9_Handler
                0x00000e20        0xc ./template/gw1ns4c_it.o
                0x00000e20                PORT0_9_Handler
 .text.PORT0_10_Handler
                0x00000e2c        0xc ./template/gw1ns4c_it.o
                0x00000e2c                PORT0_10_Handler
 .text.PORT0_11_Handler
                0x00000e38        0xc ./template/gw1ns4c_it.o
                0x00000e38                PORT0_11_Handler
 .text.PORT0_12_Handler
                0x00000e44        0xc ./template/gw1ns4c_it.o
                0x00000e44                PORT0_12_Handler
 .text.PORT0_13_Handler
                0x00000e50        0xc ./template/gw1ns4c_it.o
                0x00000e50                PORT0_13_Handler
 .text.PORT0_14_Handler
                0x00000e5c        0xc ./template/gw1ns4c_it.o
                0x00000e5c                PORT0_14_Handler
 .text.PORT0_15_Handler
                0x00000e68        0xc ./template/gw1ns4c_it.o
                0x00000e68                PORT0_15_Handler
 .text.__la_pnorm2
                0x00000e74       0x58 ./template/linealg.o
 .text.la_norm2
                0x00000ecc       0x64 ./template/linealg.o
                0x00000ecc                la_norm2
 .text.prepare_test_data
                0x00000f30       0xf8 ./template/main.o
                0x00000f30                prepare_test_data
 .text.writeByte
                0x00001028       0x20 ./template/main.o
                0x00001028                writeByte
 .text.main     0x00001048       0xbc ./template/main.o
                0x00001048                main
 .text.initializeUART
                0x00001104       0x28 ./template/main.o
                0x00001104                initializeUART
 .text.initializeGPIO
                0x0000112c       0x28 ./template/main.o
                0x0000112c                initializeGPIO
 .text.initializeTimer
                0x00001154       0x2e ./template/main.o
                0x00001154                initializeTimer
 *fill*         0x00001182        0x2 
 .text.delayMillis
                0x00001184       0x84 ./template/main.o
                0x00001184                delayMillis
 .text.mysin    0x00001208       0x20 ./template/mymath.o
                0x00001208                mysin
 .text.mycos    0x00001228       0x20 ./template/mymath.o
                0x00001228                mycos
 .text.myasin   0x00001248       0x20 ./template/mymath.o
                0x00001248                myasin
 .text.myatan   0x00001268       0x20 ./template/mymath.o
                0x00001268                myatan
 .text.mysqrt   0x00001288       0x20 ./template/mymath.o
                0x00001288                mysqrt
 .text.mypow    0x000012a8       0x28 ./template/mymath.o
                0x000012a8                mypow
 .text.strio_set_f_putbyte
                0x000012d0       0x1c ./template/strio.o
                0x000012d0                strio_set_f_putbyte
 .text.fmtdebug
                0x000012ec       0x80 ./template/strio.o
                0x000012ec                fmtdebug
 .text.strreverse
                0x0000136c       0x5e ./template/strio.o
                0x0000136c                strreverse
 *fill*         0x000013ca        0x2 
 .text.intToStr
                0x000013cc       0xb4 ./template/strio.o
                0x000013cc                intToStr
 .text.ftos     0x00001480       0xd0 ./template/strio.o
                0x00001480                ftos
 .text.itos     0x00001550       0x1e ./template/strio.o
                0x00001550                itos
 .text.striocopy
                0x0000156e       0x3c ./template/strio.o
                0x0000156e                striocopy
 *fill*         0x000015aa        0x2 
 .text.vfmtbuf  0x000015ac      0x140 ./template/strio.o
                0x000015ac                vfmtbuf
 .text.GPIO_Init
                0x000016ec      0x190 ./lib/StdPeriph_Driver/Sources/gw1ns4c_gpio.o
                0x000016ec                GPIO_Init
 .text.GPIO_SetBit
                0x0000187c       0x20 ./lib/StdPeriph_Driver/Sources/gw1ns4c_gpio.o
                0x0000187c                GPIO_SetBit
 .text.GPIO_ResetBit
                0x0000189c       0x22 ./lib/StdPeriph_Driver/Sources/gw1ns4c_gpio.o
                0x0000189c                GPIO_ResetBit
 .text.TIMER_Init
                0x000018be       0x9a ./lib/StdPeriph_Driver/Sources/gw1ns4c_timer.o
                0x000018be                TIMER_Init
 .text.TIMER_StartTimer
                0x00001958       0x1e ./lib/StdPeriph_Driver/Sources/gw1ns4c_timer.o
                0x00001958                TIMER_StartTimer
 .text.TIMER_StopTimer
                0x00001976       0x1e ./lib/StdPeriph_Driver/Sources/gw1ns4c_timer.o
                0x00001976                TIMER_StopTimer
 .text.TIMER_GetIRQStatus
                0x00001994       0x18 ./lib/StdPeriph_Driver/Sources/gw1ns4c_timer.o
                0x00001994                TIMER_GetIRQStatus
 .text.TIMER_ClearIRQ
                0x000019ac       0x18 ./lib/StdPeriph_Driver/Sources/gw1ns4c_timer.o
                0x000019ac                TIMER_ClearIRQ
 .text.TIMER_SetReload
                0x000019c4       0x1a ./lib/StdPeriph_Driver/Sources/gw1ns4c_timer.o
                0x000019c4                TIMER_SetReload
 .text.TIMER_SetValue
                0x000019de       0x1a ./lib/StdPeriph_Driver/Sources/gw1ns4c_timer.o
                0x000019de                TIMER_SetValue
 .text.TIMER_EnableIRQ
                0x000019f8       0x1e ./lib/StdPeriph_Driver/Sources/gw1ns4c_timer.o
                0x000019f8                TIMER_EnableIRQ
 *fill*         0x00001a16        0x2 
 .text.UART_Init
                0x00001a18       0xd8 ./lib/StdPeriph_Driver/Sources/gw1ns4c_uart.o
                0x00001a18                UART_Init
 .text.UART_SendChar
                0x00001af0       0x2c ./lib/StdPeriph_Driver/Sources/gw1ns4c_uart.o
                0x00001af0                UART_SendChar
 .text.SystemInit
                0x00001b1c       0x40 ./lib/CMSIS/DeviceSupport/system/system_gw1ns4c.o
                0x00001b1c                SystemInit
 .text          0x00001b5c       0x98 ./lib/CMSIS/DeviceSupport/startup/gmd/startup_gw1ns4c.o
                0x00001b5c                Reset_Handler
                0x00001bc2                PORT0_COMB_Handler
                0x00001bcc                UARTOVF_Handler
                0x00001bd2                Spare15_Handler
 .text          0x00001bf4      0x378 c:/gmd/toolchain/arm_toolchain/bin/../lib/gcc/arm-none-eabi/8.3.1/thumb/v7-m/nofp\libgcc.a(_arm_addsubdf3.o)
                0x00001bf4                __aeabi_drsub
                0x00001bfc                __aeabi_dsub
                0x00001bfc                __subdf3
                0x00001c00                __aeabi_dadd
                0x00001c00                __adddf3
                0x00001e78                __floatunsidf
                0x00001e78                __aeabi_ui2d
                0x00001e98                __floatsidf
                0x00001e98                __aeabi_i2d
                0x00001ebc                __aeabi_f2d
                0x00001ebc                __extendsfdf2
                0x00001f00                __floatundidf
                0x00001f00                __aeabi_ul2d
                0x00001f10                __floatdidf
                0x00001f10                __aeabi_l2d
 .text          0x00001f6c      0x424 c:/gmd/toolchain/arm_toolchain/bin/../lib/gcc/arm-none-eabi/8.3.1/thumb/v7-m/nofp\libgcc.a(_arm_muldivdf3.o)
                0x00001f6c                __aeabi_dmul
                0x00001f6c                __muldf3
                0x000021c0                __divdf3
                0x000021c0                __aeabi_ddiv
 .text          0x00002390      0x110 c:/gmd/toolchain/arm_toolchain/bin/../lib/gcc/arm-none-eabi/8.3.1/thumb/v7-m/nofp\libgcc.a(_arm_cmpdf2.o)
                0x00002390                __gtdf2
                0x00002390                __gedf2
                0x00002398                __ltdf2
                0x00002398                __ledf2
                0x000023a0                __nedf2
                0x000023a0                __eqdf2
                0x000023a0                __cmpdf2
                0x0000241c                __aeabi_cdrcmple
                0x0000242c                __aeabi_cdcmpeq
                0x0000242c                __aeabi_cdcmple
                0x0000243c                __aeabi_dcmpeq
                0x00002450                __aeabi_dcmplt
                0x00002464                __aeabi_dcmple
                0x00002478                __aeabi_dcmpge
                0x0000248c                __aeabi_dcmpgt
 .text          0x000024a0       0xa0 c:/gmd/toolchain/arm_toolchain/bin/../lib/gcc/arm-none-eabi/8.3.1/thumb/v7-m/nofp\libgcc.a(_arm_truncdfsf2.o)
                0x000024a0                __truncdfsf2
                0x000024a0                __aeabi_d2f
 .text          0x00002540      0x21c c:/gmd/toolchain/arm_toolchain/bin/../lib/gcc/arm-none-eabi/8.3.1/thumb/v7-m/nofp\libgcc.a(_arm_addsubsf3.o)
                0x00002540                __aeabi_frsub
                0x00002548                __subsf3
                0x00002548                __aeabi_fsub
                0x0000254c                __aeabi_fadd
                0x0000254c                __addsf3
                0x000026ac                __aeabi_ui2f
                0x000026ac                __floatunsisf
                0x000026b4                __aeabi_i2f
                0x000026b4                __floatsisf
                0x000026d0                __aeabi_ul2f
                0x000026d0                __floatundisf
                0x000026e0                __aeabi_l2f
                0x000026e0                __floatdisf
 .text          0x0000275c      0x2a0 c:/gmd/toolchain/arm_toolchain/bin/../lib/gcc/arm-none-eabi/8.3.1/thumb/v7-m/nofp\libgcc.a(_arm_muldivsf3.o)
                0x0000275c                __mulsf3
                0x0000275c                __aeabi_fmul
                0x000028c4                __aeabi_fdiv
                0x000028c4                __divsf3
 .text          0x000029fc       0xec c:/gmd/toolchain/arm_toolchain/bin/../lib/gcc/arm-none-eabi/8.3.1/thumb/v7-m/nofp\libgcc.a(_arm_cmpsf2.o)
                0x000029fc                __gesf2
                0x000029fc                __gtsf2
                0x00002a04                __lesf2
                0x00002a04                __ltsf2
                0x00002a0c                __nesf2
                0x00002a0c                __eqsf2
                0x00002a0c                __cmpsf2
                0x00002a6c                __aeabi_cfrcmple
                0x00002a74                __aeabi_cfcmpeq
                0x00002a74                __aeabi_cfcmple
                0x00002a84                __aeabi_fcmpeq
                0x00002a98                __aeabi_fcmplt
                0x00002aac                __aeabi_fcmple
                0x00002ac0                __aeabi_fcmpge
                0x00002ad4                __aeabi_fcmpgt
 .text          0x00002ae8       0x4c c:/gmd/toolchain/arm_toolchain/bin/../lib/gcc/arm-none-eabi/8.3.1/thumb/v7-m/nofp\libgcc.a(_arm_fixsfsi.o)
                0x00002ae8                __aeabi_f2iz
                0x00002ae8                __fixsfsi
 .text.exit     0x00002b34       0x20 c:/gmd/toolchain/arm_toolchain/bin/../lib/gcc/arm-none-eabi/8.3.1/../../../../arm-none-eabi/lib/thumb/v7-m/nofp\libg.a(lib_a-exit.o)
                0x00002b34                exit
 .text          0x00002b54       0xec c:/gmd/toolchain/arm_toolchain/bin/../lib/gcc/arm-none-eabi/8.3.1/../../../../arm-none-eabi/lib/thumb/v7-m/nofp\libg.a(lib_a-memcpy.o)
                0x00002b54                memcpy
 .text.__call_exitprocs
                0x00002c40       0xb0 c:/gmd/toolchain/arm_toolchain/bin/../lib/gcc/arm-none-eabi/8.3.1/../../../../arm-none-eabi/lib/thumb/v7-m/nofp\libg.a(lib_a-__call_atexit.o)
                0x00002c40                __call_exitprocs
 .text.__retarget_lock_acquire_recursive
                0x00002cf0        0x4 c:/gmd/toolchain/arm_toolchain/bin/../lib/gcc/arm-none-eabi/8.3.1/../../../../arm-none-eabi/lib/thumb/v7-m/nofp\libg.a(lib_a-lock.o)
                0x00002cf0                __retarget_lock_acquire_recursive
 .text.__retarget_lock_release_recursive
                0x00002cf4        0x4 c:/gmd/toolchain/arm_toolchain/bin/../lib/gcc/arm-none-eabi/8.3.1/../../../../arm-none-eabi/lib/thumb/v7-m/nofp\libg.a(lib_a-lock.o)
                0x00002cf4                __retarget_lock_release_recursive
 .text.atan     0x00002cf8      0x314 c:/gmd/toolchain/arm_toolchain/bin/../lib/gcc/arm-none-eabi/8.3.1/../../../../arm-none-eabi/lib/thumb/v7-m/nofp\libm.a(lib_a-s_atan.o)
                0x00002cf8                atan
 .text.cos      0x0000300c       0x90 c:/gmd/toolchain/arm_toolchain/bin/../lib/gcc/arm-none-eabi/8.3.1/../../../../arm-none-eabi/lib/thumb/v7-m/nofp\libm.a(lib_a-s_cos.o)
                0x0000300c                cos
 .text.fabs     0x0000309c        0x8 c:/gmd/toolchain/arm_toolchain/bin/../lib/gcc/arm-none-eabi/8.3.1/../../../../arm-none-eabi/lib/thumb/v7-m/nofp\libm.a(lib_a-s_fabs.o)
                0x0000309c                fabs
 .text.sin      0x000030a4       0x90 c:/gmd/toolchain/arm_toolchain/bin/../lib/gcc/arm-none-eabi/8.3.1/../../../../arm-none-eabi/lib/thumb/v7-m/nofp\libm.a(lib_a-s_sin.o)
                0x000030a4                sin
 .text.asin     0x00003134       0x5c c:/gmd/toolchain/arm_toolchain/bin/../lib/gcc/arm-none-eabi/8.3.1/../../../../arm-none-eabi/lib/thumb/v7-m/nofp\libm.a(lib_a-w_asin.o)
                0x00003134                asin
 .text.pow      0x00003190      0x17c c:/gmd/toolchain/arm_toolchain/bin/../lib/gcc/arm-none-eabi/8.3.1/../../../../arm-none-eabi/lib/thumb/v7-m/nofp\libm.a(lib_a-w_pow.o)
                0x00003190                pow
 .text.sqrt     0x0000330c       0x5c c:/gmd/toolchain/arm_toolchain/bin/../lib/gcc/arm-none-eabi/8.3.1/../../../../arm-none-eabi/lib/thumb/v7-m/nofp\libm.a(lib_a-w_sqrt.o)
                0x0000330c                sqrt
 .text.powf     0x00003368      0x114 c:/gmd/toolchain/arm_toolchain/bin/../lib/gcc/arm-none-eabi/8.3.1/../../../../arm-none-eabi/lib/thumb/v7-m/nofp\libm.a(lib_a-wf_pow.o)
                0x00003368                powf
 *fill*         0x0000347c        0x4 
 .text.__ieee754_asin
                0x00003480      0x45c c:/gmd/toolchain/arm_toolchain/bin/../lib/gcc/arm-none-eabi/8.3.1/../../../../arm-none-eabi/lib/thumb/v7-m/nofp\libm.a(lib_a-e_asin.o)
                0x00003480                __ieee754_asin
 *fill*         0x000038dc        0x4 
 .text.__ieee754_pow
                0x000038e0      0xaa4 c:/gmd/toolchain/arm_toolchain/bin/../lib/gcc/arm-none-eabi/8.3.1/../../../../arm-none-eabi/lib/thumb/v7-m/nofp\libm.a(lib_a-e_pow.o)
                0x000038e0                __ieee754_pow
 *fill*         0x00004384        0x4 
 .text.__ieee754_rem_pio2
                0x00004388      0x434 c:/gmd/toolchain/arm_toolchain/bin/../lib/gcc/arm-none-eabi/8.3.1/../../../../arm-none-eabi/lib/thumb/v7-m/nofp\libm.a(lib_a-e_rem_pio2.o)
                0x00004388                __ieee754_rem_pio2
 .text.__ieee754_sqrt
                0x000047bc      0x17c c:/gmd/toolchain/arm_toolchain/bin/../lib/gcc/arm-none-eabi/8.3.1/../../../../arm-none-eabi/lib/thumb/v7-m/nofp\libm.a(lib_a-e_sqrt.o)
                0x000047bc                __ieee754_sqrt
 .text.__ieee754_powf
                0x00004938      0x708 c:/gmd/toolchain/arm_toolchain/bin/../lib/gcc/arm-none-eabi/8.3.1/../../../../arm-none-eabi/lib/thumb/v7-m/nofp\libm.a(lib_a-ef_pow.o)
                0x00004938                __ieee754_powf
 .text.__ieee754_sqrtf
                0x00005040       0xa8 c:/gmd/toolchain/arm_toolchain/bin/../lib/gcc/arm-none-eabi/8.3.1/../../../../arm-none-eabi/lib/thumb/v7-m/nofp\libm.a(lib_a-ef_sqrt.o)
                0x00005040                __ieee754_sqrtf
 .text.__kernel_cos
                0x000050e8      0x248 c:/gmd/toolchain/arm_toolchain/bin/../lib/gcc/arm-none-eabi/8.3.1/../../../../arm-none-eabi/lib/thumb/v7-m/nofp\libm.a(lib_a-k_cos.o)
                0x000050e8                __kernel_cos
 .text.__kernel_rem_pio2
                0x00005330      0x840 c:/gmd/toolchain/arm_toolchain/bin/../lib/gcc/arm-none-eabi/8.3.1/../../../../arm-none-eabi/lib/thumb/v7-m/nofp\libm.a(lib_a-k_rem_pio2.o)
                0x00005330                __kernel_rem_pio2
 .text.__kernel_sin
                0x00005b70      0x16c c:/gmd/toolchain/arm_toolchain/bin/../lib/gcc/arm-none-eabi/8.3.1/../../../../arm-none-eabi/lib/thumb/v7-m/nofp\libm.a(lib_a-k_sin.o)
                0x00005b70                __kernel_sin
 .text.finite   0x00005cdc        0xc c:/gmd/toolchain/arm_toolchain/bin/../lib/gcc/arm-none-eabi/8.3.1/../../../../arm-none-eabi/lib/thumb/v7-m/nofp\libm.a(lib_a-s_finite.o)
                0x00005cdc                finite
 .text.floor    0x00005ce8      0x108 c:/gmd/toolchain/arm_toolchain/bin/../lib/gcc/arm-none-eabi/8.3.1/../../../../arm-none-eabi/lib/thumb/v7-m/nofp\libm.a(lib_a-s_floor.o)
                0x00005ce8                floor
 .text.nan      0x00005df0        0xc c:/gmd/toolchain/arm_toolchain/bin/../lib/gcc/arm-none-eabi/8.3.1/../../../../arm-none-eabi/lib/thumb/v7-m/nofp\libm.a(lib_a-s_nan.o)
                0x00005df0                nan
 .text.rint     0x00005dfc      0x114 c:/gmd/toolchain/arm_toolchain/bin/../lib/gcc/arm-none-eabi/8.3.1/../../../../arm-none-eabi/lib/thumb/v7-m/nofp\libm.a(lib_a-s_rint.o)
                0x00005dfc                rint
 .text.scalbn   0x00005f10       0xf4 c:/gmd/toolchain/arm_toolchain/bin/../lib/gcc/arm-none-eabi/8.3.1/../../../../arm-none-eabi/lib/thumb/v7-m/nofp\libm.a(lib_a-s_scalbn.o)
                0x00005f10                scalbn
 .text.fabsf    0x00006004        0x8 c:/gmd/toolchain/arm_toolchain/bin/../lib/gcc/arm-none-eabi/8.3.1/../../../../arm-none-eabi/lib/thumb/v7-m/nofp\libm.a(lib_a-sf_fabs.o)
                0x00006004                fabsf
 .text.finitef  0x0000600c       0x10 c:/gmd/toolchain/arm_toolchain/bin/../lib/gcc/arm-none-eabi/8.3.1/../../../../arm-none-eabi/lib/thumb/v7-m/nofp\libm.a(lib_a-sf_finite.o)
                0x0000600c                finitef
 .text.nanf     0x0000601c        0x8 c:/gmd/toolchain/arm_toolchain/bin/../lib/gcc/arm-none-eabi/8.3.1/../../../../arm-none-eabi/lib/thumb/v7-m/nofp\libm.a(lib_a-sf_nan.o)
                0x0000601c                nanf
 .text.rintf    0x00006024       0xa8 c:/gmd/toolchain/arm_toolchain/bin/../lib/gcc/arm-none-eabi/8.3.1/../../../../arm-none-eabi/lib/thumb/v7-m/nofp\libm.a(lib_a-sf_rint.o)
                0x00006024                rintf
 .text.scalbnf  0x000060cc       0xac c:/gmd/toolchain/arm_toolchain/bin/../lib/gcc/arm-none-eabi/8.3.1/../../../../arm-none-eabi/lib/thumb/v7-m/nofp\libm.a(lib_a-sf_scalbn.o)
                0x000060cc                scalbnf
 .text._exit    0x00006178        0x4 c:/gmd/toolchain/arm_toolchain/bin/../lib/gcc/arm-none-eabi/8.3.1/../../../../arm-none-eabi/lib/thumb/v7-m/nofp\libnosys.a(_exit.o)
                0x00006178                _exit
 .text          0x0000617c       0x2c c:/gmd/toolchain/arm_toolchain/bin/../lib/gcc/arm-none-eabi/8.3.1/thumb/v7-m/nofp\libgcc.a(_arm_unorddf2.o)
                0x0000617c                __unorddf2
                0x0000617c                __aeabi_dcmpun
 .text          0x000061a8       0x50 c:/gmd/toolchain/arm_toolchain/bin/../lib/gcc/arm-none-eabi/8.3.1/thumb/v7-m/nofp\libgcc.a(_arm_fixdfsi.o)
                0x000061a8                __aeabi_d2iz
                0x000061a8                __fixdfsi
 .text          0x000061f8       0x2c c:/gmd/toolchain/arm_toolchain/bin/../lib/gcc/arm-none-eabi/8.3.1/thumb/v7-m/nofp\libgcc.a(_arm_unordsf2.o)
                0x000061f8                __unordsf2
                0x000061f8                __aeabi_fcmpun
 .text.__errno  0x00006224        0xc c:/gmd/toolchain/arm_toolchain/bin/../lib/gcc/arm-none-eabi/8.3.1/../../../../arm-none-eabi/lib/thumb/v7-m/nofp\libc.a(lib_a-errno.o)
                0x00006224                __errno
 *(.init)
 .init          0x00006230        0x4 c:/gmd/toolchain/arm_toolchain/bin/../lib/gcc/arm-none-eabi/8.3.1/thumb/v7-m/nofp/crti.o
                0x00006230                _init
 *(.fini)
 .fini          0x00006234        0x4 c:/gmd/toolchain/arm_toolchain/bin/../lib/gcc/arm-none-eabi/8.3.1/thumb/v7-m/nofp/crti.o
                0x00006234                _fini
 *crtbegin.o(.ctors)
 *crtbegin?.o(.ctors)
 *(EXCLUDE_FILE(*crtend.o *crtend?.o) .ctors)
 *(SORT_BY_NAME(.ctors.*))
 *(.ctors)
 *crtbegin.o(.dtors)
 *crtbegin?.o(.dtors)
 *(EXCLUDE_FILE(*crtend.o *crtend?.o) .dtors)
 *(SORT_BY_NAME(.dtors.*))
 *(.dtors)
 *(.rodata*)
 .rodata.div_180_pi
                0x00006238        0x8 ./template/algorithm.o
                0x00006238                div_180_pi
 .rodata        0x00006240       0x18 ./template/algorithm.o
 .rodata        0x00006258       0x9e ./template/main.o
 *fill*         0x000062f6        0x2 
 .rodata._global_impure_ptr
                0x000062f8        0x4 c:/gmd/toolchain/arm_toolchain/bin/../lib/gcc/arm-none-eabi/8.3.1/../../../../arm-none-eabi/lib/thumb/v7-m/nofp\libg.a(lib_a-impure.o)
                0x000062f8                _global_impure_ptr
 *fill*         0x000062fc        0x4 
 .rodata.atanhi
                0x00006300       0x20 c:/gmd/toolchain/arm_toolchain/bin/../lib/gcc/arm-none-eabi/8.3.1/../../../../arm-none-eabi/lib/thumb/v7-m/nofp\libm.a(lib_a-s_atan.o)
 .rodata.atanlo
                0x00006320       0x20 c:/gmd/toolchain/arm_toolchain/bin/../lib/gcc/arm-none-eabi/8.3.1/../../../../arm-none-eabi/lib/thumb/v7-m/nofp\libm.a(lib_a-s_atan.o)
 .rodata.asin.str1.4
                0x00006340        0x4 c:/gmd/toolchain/arm_toolchain/bin/../lib/gcc/arm-none-eabi/8.3.1/../../../../arm-none-eabi/lib/thumb/v7-m/nofp\libm.a(lib_a-w_asin.o)
                                  0x1 (size before relaxing)
 .rodata.__ieee754_pow.str1.4
                0x00006344        0x1 c:/gmd/toolchain/arm_toolchain/bin/../lib/gcc/arm-none-eabi/8.3.1/../../../../arm-none-eabi/lib/thumb/v7-m/nofp\libm.a(lib_a-e_pow.o)
 .rodata.npio2_hw
                0x00006344       0x80 c:/gmd/toolchain/arm_toolchain/bin/../lib/gcc/arm-none-eabi/8.3.1/../../../../arm-none-eabi/lib/thumb/v7-m/nofp\libm.a(lib_a-e_rem_pio2.o)
 .rodata.two_over_pi
                0x000063c4      0x108 c:/gmd/toolchain/arm_toolchain/bin/../lib/gcc/arm-none-eabi/8.3.1/../../../../arm-none-eabi/lib/thumb/v7-m/nofp\libm.a(lib_a-e_rem_pio2.o)
 .rodata.__ieee754_powf.str1.4
                0x000064cc        0x1 c:/gmd/toolchain/arm_toolchain/bin/../lib/gcc/arm-none-eabi/8.3.1/../../../../arm-none-eabi/lib/thumb/v7-m/nofp\libm.a(lib_a-ef_pow.o)
 *fill*         0x000064cc        0x4 
 .rodata.PIo2   0x000064d0       0x40 c:/gmd/toolchain/arm_toolchain/bin/../lib/gcc/arm-none-eabi/8.3.1/../../../../arm-none-eabi/lib/thumb/v7-m/nofp\libm.a(lib_a-k_rem_pio2.o)
 .rodata.init_jk
                0x00006510       0x10 c:/gmd/toolchain/arm_toolchain/bin/../lib/gcc/arm-none-eabi/8.3.1/../../../../arm-none-eabi/lib/thumb/v7-m/nofp\libm.a(lib_a-k_rem_pio2.o)
 .rodata.TWO52  0x00006520       0x10 c:/gmd/toolchain/arm_toolchain/bin/../lib/gcc/arm-none-eabi/8.3.1/../../../../arm-none-eabi/lib/thumb/v7-m/nofp\libm.a(lib_a-s_rint.o)
 .rodata.TWO23  0x00006530        0x8 c:/gmd/toolchain/arm_toolchain/bin/../lib/gcc/arm-none-eabi/8.3.1/../../../../arm-none-eabi/lib/thumb/v7-m/nofp\libm.a(lib_a-sf_rint.o)
 *(.eh_frame*)

.glue_7         0x00006538        0x0
 .glue_7        0x00006538        0x0 linker stubs

.glue_7t        0x00006538        0x0
 .glue_7t       0x00006538        0x0 linker stubs

.vfp11_veneer   0x00006538        0x0
 .vfp11_veneer  0x00006538        0x0 linker stubs

.v4_bx          0x00006538        0x0
 .v4_bx         0x00006538        0x0 linker stubs

.iplt           0x00006538        0x0
 .iplt          0x00006538        0x0 ./template/algorithm.o

.rel.dyn        0x00006538        0x0
 .rel.iplt      0x00006538        0x0 ./template/algorithm.o

.ARM.extab
 *(.ARM.extab* .gnu.linkonce.armextab.*)
                0x00006538                __exidx_start = .

.ARM.exidx
 *(.ARM.exidx* .gnu.linkonce.armexidx.*)
                0x00006538                __exidx_end = .
                0x00006538                __etext = .

.data           0x20000000      0x4d0 load address 0x00006538
                0x20000000                __data_start__ = .
 *(vtable)
 *(.data*)
 .data.src_ctx  0x20000000       0x70 ./template/algorithm.o
                0x20000000                src_ctx
 .data.__peleng_p_div_nsensor
                0x20000070        0x8 ./template/algorithm.o
 .data.src      0x20000078       0x10 ./template/main.o
 .data.SystemCoreClock
                0x20000088        0x4 ./lib/CMSIS/DeviceSupport/system/system_gw1ns4c.o
                0x20000088                SystemCoreClock
 .data.PCLK1    0x2000008c        0x4 ./lib/CMSIS/DeviceSupport/system/system_gw1ns4c.o
                0x2000008c                PCLK1
 .data.PCLK2    0x20000090        0x4 ./lib/CMSIS/DeviceSupport/system/system_gw1ns4c.o
                0x20000090                PCLK2
 .data.HCLK     0x20000094        0x4 ./lib/CMSIS/DeviceSupport/system/system_gw1ns4c.o
                0x20000094                HCLK
 .data._impure_ptr
                0x20000098        0x4 c:/gmd/toolchain/arm_toolchain/bin/../lib/gcc/arm-none-eabi/8.3.1/../../../../arm-none-eabi/lib/thumb/v7-m/nofp\libg.a(lib_a-impure.o)
                0x20000098                _impure_ptr
 *fill*         0x2000009c        0x4 
 .data.impure_data
                0x200000a0      0x428 c:/gmd/toolchain/arm_toolchain/bin/../lib/gcc/arm-none-eabi/8.3.1/../../../../arm-none-eabi/lib/thumb/v7-m/nofp\libg.a(lib_a-impure.o)
 .data.__atexit_recursive_mutex
                0x200004c8        0x4 c:/gmd/toolchain/arm_toolchain/bin/../lib/gcc/arm-none-eabi/8.3.1/../../../../arm-none-eabi/lib/thumb/v7-m/nofp\libg.a(lib_a-__call_atexit.o)
                0x200004c8                __atexit_recursive_mutex
 .data.__fdlib_version
                0x200004cc        0x1 c:/gmd/toolchain/arm_toolchain/bin/../lib/gcc/arm-none-eabi/8.3.1/../../../../arm-none-eabi/lib/thumb/v7-m/nofp\libm.a(lib_a-s_lib_ver.o)
                0x200004cc                __fdlib_version
                0x200004d0                . = ALIGN (0x4)
 *fill*         0x200004cd        0x3 
                0x200004d0                PROVIDE (__preinit_array_start = .)
 *(.preinit_array)
                0x200004d0                PROVIDE (__preinit_array_end = .)
                0x200004d0                . = ALIGN (0x4)
                0x200004d0                PROVIDE (__init_array_start = .)
 *(SORT_BY_NAME(.init_array.*))
 *(.init_array)
                0x200004d0                PROVIDE (__init_array_end = .)
                0x200004d0                . = ALIGN (0x4)
                0x200004d0                PROVIDE (__fini_array_start = .)
 *(SORT_BY_NAME(.fini_array.*))
 *(.fini_array)
                0x200004d0                PROVIDE (__fini_array_end = .)
                0x200004d0                . = ALIGN (0x4)
                0x200004d0                __data_end__ = .

.igot.plt       0x200004d0        0x0 load address 0x00006a08
 .igot.plt      0x200004d0        0x0 ./template/algorithm.o

.bss            0x200004d0      0x144 load address 0x00006a08
                0x200004d0                . = ALIGN (0x4)
                0x200004d0                __bss_start__ = .
 *(.bss*)
 .bss.__peleng_spec_mult
                0x200004d0        0x8 ./template/algorithm.o
 .bss.__rs_start
                0x200004d8       0x10 ./template/algorithm.o
 .bss.__deviation
                0x200004e8        0x4 ./template/algorithm.o
 .bss.putbyte   0x200004ec        0x4 ./template/strio.o
 .bss.buf.4992  0x200004f0      0x100 ./template/strio.o
 *(COMMON)
 COMMON         0x200005f0       0x21 c:/gmd/toolchain/arm_toolchain/bin/../lib/gcc/arm-none-eabi/8.3.1/../../../../arm-none-eabi/lib/thumb/v7-m/nofp\libg.a(lib_a-lock.o)
                0x200005f0                __lock___atexit_recursive_mutex
                0x200005f4                __lock___arc4random_mutex
                0x200005f8                __lock___env_recursive_mutex
                0x200005fc                __lock___sinit_recursive_mutex
                0x20000600                __lock___malloc_recursive_mutex
                0x20000604                __lock___at_quick_exit_mutex
                0x20000608                __lock___dd_hash_mutex
                0x2000060c                __lock___tz_mutex
                0x20000610                __lock___sfp_recursive_mutex
                0x20000614                . = ALIGN (0x4)
 *fill*         0x20000611        0x3 
                0x20000614                __bss_end__ = .

.heap           0x20000618      0x200
                0x20000618                __end__ = .
                0x20000618                end = __end__
 *(.heap*)
 .heap          0x20000618      0x200 ./lib/CMSIS/DeviceSupport/startup/gmd/startup_gw1ns4c.o
                0x20000618                __HeapBase
                0x20000818                __HeapLimit = .

.stack_dummy    0x20000618      0x400
 *(.stack*)
 .stack         0x20000618      0x400 ./lib/CMSIS/DeviceSupport/startup/gmd/startup_gw1ns4c.o
                0x20002000                __StackTop = (ORIGIN (RAM) + LENGTH (RAM))
                0x20001c00                __StackLimit = (__StackTop - SIZEOF (.stack_dummy))
                0x20002000                PROVIDE (__stack = __StackTop)
                0x00000001                ASSERT ((__StackLimit >= __HeapLimit), region RAM overflowed with stack)
OUTPUT(mcu.elf elf32-littlearm)

.ARM.attributes
                0x00000000       0x29
 .ARM.attributes
                0x00000000       0x1d c:/gmd/toolchain/arm_toolchain/bin/../lib/gcc/arm-none-eabi/8.3.1/thumb/v7-m/nofp/crti.o
 .ARM.attributes
                0x0000001d       0x2d ./template/algorithm.o
 .ARM.attributes
                0x0000004a       0x2d ./template/gw1ns4c_it.o
 .ARM.attributes
                0x00000077       0x2d ./template/linealg.o
 .ARM.attributes
                0x000000a4       0x2d ./template/main.o
 .ARM.attributes
                0x000000d1       0x2d ./template/mymath.o
 .ARM.attributes
                0x000000fe       0x2d ./template/strio.o
 .ARM.attributes
                0x0000012b       0x2d ./lib/StdPeriph_Driver/Sources/gw1ns4c_gpio.o
 .ARM.attributes
                0x00000158       0x2d ./lib/StdPeriph_Driver/Sources/gw1ns4c_timer.o
 .ARM.attributes
                0x00000185       0x2d ./lib/StdPeriph_Driver/Sources/gw1ns4c_uart.o
 .ARM.attributes
                0x000001b2       0x2d ./lib/CMSIS/DeviceSupport/system/system_gw1ns4c.o
 .ARM.attributes
                0x000001df       0x1b ./lib/CMSIS/DeviceSupport/startup/gmd/startup_gw1ns4c.o
 .ARM.attributes
                0x000001fa       0x1d c:/gmd/toolchain/arm_toolchain/bin/../lib/gcc/arm-none-eabi/8.3.1/thumb/v7-m/nofp\libgcc.a(_arm_addsubdf3.o)
 .ARM.attributes
                0x00000217       0x1d c:/gmd/toolchain/arm_toolchain/bin/../lib/gcc/arm-none-eabi/8.3.1/thumb/v7-m/nofp\libgcc.a(_arm_muldivdf3.o)
 .ARM.attributes
                0x00000234       0x1d c:/gmd/toolchain/arm_toolchain/bin/../lib/gcc/arm-none-eabi/8.3.1/thumb/v7-m/nofp\libgcc.a(_arm_cmpdf2.o)
 .ARM.attributes
                0x00000251       0x1d c:/gmd/toolchain/arm_toolchain/bin/../lib/gcc/arm-none-eabi/8.3.1/thumb/v7-m/nofp\libgcc.a(_arm_truncdfsf2.o)
 .ARM.attributes
                0x0000026e       0x1d c:/gmd/toolchain/arm_toolchain/bin/../lib/gcc/arm-none-eabi/8.3.1/thumb/v7-m/nofp\libgcc.a(_arm_addsubsf3.o)
 .ARM.attributes
                0x0000028b       0x1d c:/gmd/toolchain/arm_toolchain/bin/../lib/gcc/arm-none-eabi/8.3.1/thumb/v7-m/nofp\libgcc.a(_arm_muldivsf3.o)
 .ARM.attributes
                0x000002a8       0x1d c:/gmd/toolchain/arm_toolchain/bin/../lib/gcc/arm-none-eabi/8.3.1/thumb/v7-m/nofp\libgcc.a(_arm_cmpsf2.o)
 .ARM.attributes
                0x000002c5       0x1d c:/gmd/toolchain/arm_toolchain/bin/../lib/gcc/arm-none-eabi/8.3.1/thumb/v7-m/nofp\libgcc.a(_arm_fixsfsi.o)
 .ARM.attributes
                0x000002e2       0x2d c:/gmd/toolchain/arm_toolchain/bin/../lib/gcc/arm-none-eabi/8.3.1/../../../../arm-none-eabi/lib/thumb/v7-m/nofp\libg.a(lib_a-exit.o)
 .ARM.attributes
                0x0000030f       0x2d c:/gmd/toolchain/arm_toolchain/bin/../lib/gcc/arm-none-eabi/8.3.1/../../../../arm-none-eabi/lib/thumb/v7-m/nofp\libg.a(lib_a-impure.o)
 .ARM.attributes
                0x0000033c       0x1b c:/gmd/toolchain/arm_toolchain/bin/../lib/gcc/arm-none-eabi/8.3.1/../../../../arm-none-eabi/lib/thumb/v7-m/nofp\libg.a(lib_a-memcpy.o)
 .ARM.attributes
                0x00000357       0x2d c:/gmd/toolchain/arm_toolchain/bin/../lib/gcc/arm-none-eabi/8.3.1/../../../../arm-none-eabi/lib/thumb/v7-m/nofp\libg.a(lib_a-__call_atexit.o)
 .ARM.attributes
                0x00000384       0x2d c:/gmd/toolchain/arm_toolchain/bin/../lib/gcc/arm-none-eabi/8.3.1/../../../../arm-none-eabi/lib/thumb/v7-m/nofp\libg.a(lib_a-lock.o)
 .ARM.attributes
                0x000003b1       0x2d c:/gmd/toolchain/arm_toolchain/bin/../lib/gcc/arm-none-eabi/8.3.1/../../../../arm-none-eabi/lib/thumb/v7-m/nofp\libm.a(lib_a-s_atan.o)
 .ARM.attributes
                0x000003de       0x2d c:/gmd/toolchain/arm_toolchain/bin/../lib/gcc/arm-none-eabi/8.3.1/../../../../arm-none-eabi/lib/thumb/v7-m/nofp\libm.a(lib_a-s_cos.o)
 .ARM.attributes
                0x0000040b       0x2d c:/gmd/toolchain/arm_toolchain/bin/../lib/gcc/arm-none-eabi/8.3.1/../../../../arm-none-eabi/lib/thumb/v7-m/nofp\libm.a(lib_a-s_fabs.o)
 .ARM.attributes
                0x00000438       0x2d c:/gmd/toolchain/arm_toolchain/bin/../lib/gcc/arm-none-eabi/8.3.1/../../../../arm-none-eabi/lib/thumb/v7-m/nofp\libm.a(lib_a-s_sin.o)
 .ARM.attributes
                0x00000465       0x2d c:/gmd/toolchain/arm_toolchain/bin/../lib/gcc/arm-none-eabi/8.3.1/../../../../arm-none-eabi/lib/thumb/v7-m/nofp\libm.a(lib_a-w_asin.o)
 .ARM.attributes
                0x00000492       0x2d c:/gmd/toolchain/arm_toolchain/bin/../lib/gcc/arm-none-eabi/8.3.1/../../../../arm-none-eabi/lib/thumb/v7-m/nofp\libm.a(lib_a-w_pow.o)
 .ARM.attributes
                0x000004bf       0x2d c:/gmd/toolchain/arm_toolchain/bin/../lib/gcc/arm-none-eabi/8.3.1/../../../../arm-none-eabi/lib/thumb/v7-m/nofp\libm.a(lib_a-w_sqrt.o)
 .ARM.attributes
                0x000004ec       0x2d c:/gmd/toolchain/arm_toolchain/bin/../lib/gcc/arm-none-eabi/8.3.1/../../../../arm-none-eabi/lib/thumb/v7-m/nofp\libm.a(lib_a-wf_pow.o)
 .ARM.attributes
                0x00000519       0x2d c:/gmd/toolchain/arm_toolchain/bin/../lib/gcc/arm-none-eabi/8.3.1/../../../../arm-none-eabi/lib/thumb/v7-m/nofp\libm.a(lib_a-e_asin.o)
 .ARM.attributes
                0x00000546       0x2d c:/gmd/toolchain/arm_toolchain/bin/../lib/gcc/arm-none-eabi/8.3.1/../../../../arm-none-eabi/lib/thumb/v7-m/nofp\libm.a(lib_a-e_pow.o)
 .ARM.attributes
                0x00000573       0x2d c:/gmd/toolchain/arm_toolchain/bin/../lib/gcc/arm-none-eabi/8.3.1/../../../../arm-none-eabi/lib/thumb/v7-m/nofp\libm.a(lib_a-e_rem_pio2.o)
 .ARM.attributes
                0x000005a0       0x2d c:/gmd/toolchain/arm_toolchain/bin/../lib/gcc/arm-none-eabi/8.3.1/../../../../arm-none-eabi/lib/thumb/v7-m/nofp\libm.a(lib_a-e_sqrt.o)
 .ARM.attributes
                0x000005cd       0x2d c:/gmd/toolchain/arm_toolchain/bin/../lib/gcc/arm-none-eabi/8.3.1/../../../../arm-none-eabi/lib/thumb/v7-m/nofp\libm.a(lib_a-ef_pow.o)
 .ARM.attributes
                0x000005fa       0x2d c:/gmd/toolchain/arm_toolchain/bin/../lib/gcc/arm-none-eabi/8.3.1/../../../../arm-none-eabi/lib/thumb/v7-m/nofp\libm.a(lib_a-ef_sqrt.o)
 .ARM.attributes
                0x00000627       0x2d c:/gmd/toolchain/arm_toolchain/bin/../lib/gcc/arm-none-eabi/8.3.1/../../../../arm-none-eabi/lib/thumb/v7-m/nofp\libm.a(lib_a-k_cos.o)
 .ARM.attributes
                0x00000654       0x2d c:/gmd/toolchain/arm_toolchain/bin/../lib/gcc/arm-none-eabi/8.3.1/../../../../arm-none-eabi/lib/thumb/v7-m/nofp\libm.a(lib_a-k_rem_pio2.o)
 .ARM.attributes
                0x00000681       0x2d c:/gmd/toolchain/arm_toolchain/bin/../lib/gcc/arm-none-eabi/8.3.1/../../../../arm-none-eabi/lib/thumb/v7-m/nofp\libm.a(lib_a-k_sin.o)
 .ARM.attributes
                0x000006ae       0x2d c:/gmd/toolchain/arm_toolchain/bin/../lib/gcc/arm-none-eabi/8.3.1/../../../../arm-none-eabi/lib/thumb/v7-m/nofp\libm.a(lib_a-s_finite.o)
 .ARM.attributes
                0x000006db       0x2d c:/gmd/toolchain/arm_toolchain/bin/../lib/gcc/arm-none-eabi/8.3.1/../../../../arm-none-eabi/lib/thumb/v7-m/nofp\libm.a(lib_a-s_floor.o)
 .ARM.attributes
                0x00000708       0x2d c:/gmd/toolchain/arm_toolchain/bin/../lib/gcc/arm-none-eabi/8.3.1/../../../../arm-none-eabi/lib/thumb/v7-m/nofp\libm.a(lib_a-s_lib_ver.o)
 .ARM.attributes
                0x00000735       0x2d c:/gmd/toolchain/arm_toolchain/bin/../lib/gcc/arm-none-eabi/8.3.1/../../../../arm-none-eabi/lib/thumb/v7-m/nofp\libm.a(lib_a-s_nan.o)
 .ARM.attributes
                0x00000762       0x2d c:/gmd/toolchain/arm_toolchain/bin/../lib/gcc/arm-none-eabi/8.3.1/../../../../arm-none-eabi/lib/thumb/v7-m/nofp\libm.a(lib_a-s_rint.o)
 .ARM.attributes
                0x0000078f       0x2d c:/gmd/toolchain/arm_toolchain/bin/../lib/gcc/arm-none-eabi/8.3.1/../../../../arm-none-eabi/lib/thumb/v7-m/nofp\libm.a(lib_a-s_scalbn.o)
 .ARM.attributes
                0x000007bc       0x2d c:/gmd/toolchain/arm_toolchain/bin/../lib/gcc/arm-none-eabi/8.3.1/../../../../arm-none-eabi/lib/thumb/v7-m/nofp\libm.a(lib_a-sf_fabs.o)
 .ARM.attributes
                0x000007e9       0x2d c:/gmd/toolchain/arm_toolchain/bin/../lib/gcc/arm-none-eabi/8.3.1/../../../../arm-none-eabi/lib/thumb/v7-m/nofp\libm.a(lib_a-sf_finite.o)
 .ARM.attributes
                0x00000816       0x2d c:/gmd/toolchain/arm_toolchain/bin/../lib/gcc/arm-none-eabi/8.3.1/../../../../arm-none-eabi/lib/thumb/v7-m/nofp\libm.a(lib_a-sf_nan.o)
 .ARM.attributes
                0x00000843       0x2d c:/gmd/toolchain/arm_toolchain/bin/../lib/gcc/arm-none-eabi/8.3.1/../../../../arm-none-eabi/lib/thumb/v7-m/nofp\libm.a(lib_a-sf_rint.o)
 .ARM.attributes
                0x00000870       0x2d c:/gmd/toolchain/arm_toolchain/bin/../lib/gcc/arm-none-eabi/8.3.1/../../../../arm-none-eabi/lib/thumb/v7-m/nofp\libm.a(lib_a-sf_scalbn.o)
 .ARM.attributes
                0x0000089d       0x2d c:/gmd/toolchain/arm_toolchain/bin/../lib/gcc/arm-none-eabi/8.3.1/../../../../arm-none-eabi/lib/thumb/v7-m/nofp\libnosys.a(_exit.o)
 .ARM.attributes
                0x000008ca       0x1d c:/gmd/toolchain/arm_toolchain/bin/../lib/gcc/arm-none-eabi/8.3.1/thumb/v7-m/nofp\libgcc.a(_arm_unorddf2.o)
 .ARM.attributes
                0x000008e7       0x1d c:/gmd/toolchain/arm_toolchain/bin/../lib/gcc/arm-none-eabi/8.3.1/thumb/v7-m/nofp\libgcc.a(_arm_fixdfsi.o)
 .ARM.attributes
                0x00000904       0x1d c:/gmd/toolchain/arm_toolchain/bin/../lib/gcc/arm-none-eabi/8.3.1/thumb/v7-m/nofp\libgcc.a(_arm_unordsf2.o)
 .ARM.attributes
                0x00000921       0x2d c:/gmd/toolchain/arm_toolchain/bin/../lib/gcc/arm-none-eabi/8.3.1/../../../../arm-none-eabi/lib/thumb/v7-m/nofp\libc.a(lib_a-errno.o)

.comment        0x00000000       0x76
 .comment       0x00000000       0x76 ./template/algorithm.o
                                 0x77 (size before relaxing)
 .comment       0x00000076       0x77 ./template/gw1ns4c_it.o
 .comment       0x00000076       0x77 ./template/linealg.o
 .comment       0x00000076       0x77 ./template/main.o
 .comment       0x00000076       0x77 ./template/mymath.o
 .comment       0x00000076       0x77 ./template/strio.o
 .comment       0x00000076       0x77 ./lib/StdPeriph_Driver/Sources/gw1ns4c_gpio.o
 .comment       0x00000076       0x77 ./lib/StdPeriph_Driver/Sources/gw1ns4c_timer.o
 .comment       0x00000076       0x77 ./lib/StdPeriph_Driver/Sources/gw1ns4c_uart.o
 .comment       0x00000076       0x77 ./lib/CMSIS/DeviceSupport/system/system_gw1ns4c.o

.debug_info     0x00000000     0x5e25
 .debug_info    0x00000000     0x11dc ./template/algorithm.o
 .debug_info    0x000011dc      0x373 ./template/gw1ns4c_it.o
 .debug_info    0x0000154f      0xc71 ./template/linealg.o
 .debug_info    0x000021c0     0x11c3 ./template/main.o
 .debug_info    0x00003383      0xa59 ./template/mymath.o
 .debug_info    0x00003ddc      0xd33 ./template/strio.o
 .debug_info    0x00004b0f      0x72c ./lib/StdPeriph_Driver/Sources/gw1ns4c_gpio.o
 .debug_info    0x0000523b      0x430 ./lib/StdPeriph_Driver/Sources/gw1ns4c_timer.o
 .debug_info    0x0000566b      0x66e ./lib/StdPeriph_Driver/Sources/gw1ns4c_uart.o
 .debug_info    0x00005cd9      0x126 ./lib/CMSIS/DeviceSupport/system/system_gw1ns4c.o
 .debug_info    0x00005dff       0x26 ./lib/CMSIS/DeviceSupport/startup/gmd/startup_gw1ns4c.o

.debug_abbrev   0x00000000     0x1402
 .debug_abbrev  0x00000000      0x38a ./template/algorithm.o
 .debug_abbrev  0x0000038a       0x9d ./template/gw1ns4c_it.o
 .debug_abbrev  0x00000427      0x2a2 ./template/linealg.o
 .debug_abbrev  0x000006c9      0x2eb ./template/main.o
 .debug_abbrev  0x000009b4      0x217 ./template/mymath.o
 .debug_abbrev  0x00000bcb      0x2d1 ./template/strio.o
 .debug_abbrev  0x00000e9c      0x1c6 ./lib/StdPeriph_Driver/Sources/gw1ns4c_gpio.o
 .debug_abbrev  0x00001062      0x130 ./lib/StdPeriph_Driver/Sources/gw1ns4c_timer.o
 .debug_abbrev  0x00001192      0x1ca ./lib/StdPeriph_Driver/Sources/gw1ns4c_uart.o
 .debug_abbrev  0x0000135c       0x92 ./lib/CMSIS/DeviceSupport/system/system_gw1ns4c.o
 .debug_abbrev  0x000013ee       0x14 ./lib/CMSIS/DeviceSupport/startup/gmd/startup_gw1ns4c.o

.debug_aranges  0x00000000      0x568
 .debug_aranges
                0x00000000       0x80 ./template/algorithm.o
 .debug_aranges
                0x00000080      0x140 ./template/gw1ns4c_it.o
 .debug_aranges
                0x000001c0       0x50 ./template/linealg.o
 .debug_aranges
                0x00000210       0x68 ./template/main.o
 .debug_aranges
                0x00000278       0x48 ./template/mymath.o
 .debug_aranges
                0x000002c0       0x68 ./template/strio.o
 .debug_aranges
                0x00000328       0xb8 ./lib/StdPeriph_Driver/Sources/gw1ns4c_gpio.o
 .debug_aranges
                0x000003e0       0x80 ./lib/StdPeriph_Driver/Sources/gw1ns4c_timer.o
 .debug_aranges
                0x00000460       0xc0 ./lib/StdPeriph_Driver/Sources/gw1ns4c_uart.o
 .debug_aranges
                0x00000520       0x28 ./lib/CMSIS/DeviceSupport/system/system_gw1ns4c.o
 .debug_aranges
                0x00000548       0x20 ./lib/CMSIS/DeviceSupport/startup/gmd/startup_gw1ns4c.o

.debug_ranges   0x00000000      0x4d8
 .debug_ranges  0x00000000       0x88 ./template/algorithm.o
 .debug_ranges  0x00000088      0x130 ./template/gw1ns4c_it.o
 .debug_ranges  0x000001b8       0x40 ./template/linealg.o
 .debug_ranges  0x000001f8       0x58 ./template/main.o
 .debug_ranges  0x00000250       0x38 ./template/mymath.o
 .debug_ranges  0x00000288       0x70 ./template/strio.o
 .debug_ranges  0x000002f8       0xa8 ./lib/StdPeriph_Driver/Sources/gw1ns4c_gpio.o
 .debug_ranges  0x000003a0       0x70 ./lib/StdPeriph_Driver/Sources/gw1ns4c_timer.o
 .debug_ranges  0x00000410       0xb0 ./lib/StdPeriph_Driver/Sources/gw1ns4c_uart.o
 .debug_ranges  0x000004c0       0x18 ./lib/CMSIS/DeviceSupport/system/system_gw1ns4c.o

.debug_macro    0x00000000     0x4411
 .debug_macro   0x00000000      0x17c ./template/algorithm.o
 .debug_macro   0x0000017c      0xa78 ./template/algorithm.o
 .debug_macro   0x00000bf4       0x16 ./template/algorithm.o
 .debug_macro   0x00000c0a       0x6a ./template/algorithm.o
 .debug_macro   0x00000c74       0x22 ./template/algorithm.o
 .debug_macro   0x00000c96       0x8e ./template/algorithm.o
 .debug_macro   0x00000d24       0x51 ./template/algorithm.o
 .debug_macro   0x00000d75      0x103 ./template/algorithm.o
 .debug_macro   0x00000e78       0x6a ./template/algorithm.o
 .debug_macro   0x00000ee2      0x1df ./template/algorithm.o
 .debug_macro   0x000010c1      0x201 ./template/algorithm.o
 .debug_macro   0x000012c2       0x88 ./template/algorithm.o
 .debug_macro   0x0000134a       0x5e ./template/algorithm.o
 .debug_macro   0x000013a8       0x18 ./template/algorithm.o
 .debug_macro   0x000013c0       0x35 ./template/algorithm.o
 .debug_macro   0x000013f5       0x34 ./template/algorithm.o
 .debug_macro   0x00001429      0x174 ./template/algorithm.o
 .debug_macro   0x0000159d       0x16 ./template/algorithm.o
 .debug_macro   0x000015b3       0x43 ./template/algorithm.o
 .debug_macro   0x000015f6       0x34 ./template/algorithm.o
 .debug_macro   0x0000162a       0x10 ./template/algorithm.o
 .debug_macro   0x0000163a       0x58 ./template/algorithm.o
 .debug_macro   0x00001692      0x182 ./template/algorithm.o
 .debug_macro   0x00001814      0x339 ./template/algorithm.o
 .debug_macro   0x00001b4d      0x194 ./template/algorithm.o
 .debug_macro   0x00001ce1       0x3a ./template/algorithm.o
 .debug_macro   0x00001d1b       0x5a ./template/algorithm.o
 .debug_macro   0x00001d75       0x58 ./template/algorithm.o
 .debug_macro   0x00001dcd      0x100 ./template/gw1ns4c_it.o
 .debug_macro   0x00001ecd       0x22 ./template/gw1ns4c_it.o
 .debug_macro   0x00001eef       0x22 ./template/gw1ns4c_it.o
 .debug_macro   0x00001f11      0x7b7 ./template/gw1ns4c_it.o
 .debug_macro   0x000026c8      0x314 ./template/gw1ns4c_it.o
 .debug_macro   0x000029dc       0x6a ./template/gw1ns4c_it.o
 .debug_macro   0x00002a46       0x3a ./template/gw1ns4c_it.o
 .debug_macro   0x00002a80       0x7c ./template/gw1ns4c_it.o
 .debug_macro   0x00002afc       0x22 ./template/gw1ns4c_it.o
 .debug_macro   0x00002b1e       0x94 ./template/gw1ns4c_it.o
 .debug_macro   0x00002bb2       0x58 ./template/gw1ns4c_it.o
 .debug_macro   0x00002c0a       0x34 ./template/gw1ns4c_it.o
 .debug_macro   0x00002c3e       0x1c ./template/gw1ns4c_it.o
 .debug_macro   0x00002c5a      0x14d ./template/linealg.o
 .debug_macro   0x00002da7      0x2bc ./template/main.o
 .debug_macro   0x00003063       0x60 ./template/main.o
 .debug_macro   0x000030c3      0x7d5 ./template/main.o
 .debug_macro   0x00003898       0x1c ./template/main.o
 .debug_macro   0x000038b4       0x35 ./template/main.o
 .debug_macro   0x000038e9       0x10 ./template/main.o
 .debug_macro   0x000038f9       0x1c ./template/main.o
 .debug_macro   0x00003915       0x52 ./template/main.o
 .debug_macro   0x00003967       0x40 ./template/main.o
 .debug_macro   0x000039a7       0x10 ./template/main.o
 .debug_macro   0x000039b7       0x40 ./template/main.o
 .debug_macro   0x000039f7       0xd5 ./template/main.o
 .debug_macro   0x00003acc       0x1c ./template/main.o
 .debug_macro   0x00003ae8       0x3d ./template/main.o
 .debug_macro   0x00003b25       0x16 ./template/main.o
 .debug_macro   0x00003b3b      0x16f ./template/main.o
 .debug_macro   0x00003caa      0x143 ./template/mymath.o
 .debug_macro   0x00003ded      0x162 ./template/strio.o
 .debug_macro   0x00003f4f      0x100 ./lib/StdPeriph_Driver/Sources/gw1ns4c_gpio.o
 .debug_macro   0x0000404f       0x34 ./lib/StdPeriph_Driver/Sources/gw1ns4c_gpio.o
 .debug_macro   0x00004083      0x100 ./lib/StdPeriph_Driver/Sources/gw1ns4c_timer.o
 .debug_macro   0x00004183       0x1c ./lib/StdPeriph_Driver/Sources/gw1ns4c_timer.o
 .debug_macro   0x0000419f      0x100 ./lib/StdPeriph_Driver/Sources/gw1ns4c_uart.o
 .debug_macro   0x0000429f       0x76 ./lib/StdPeriph_Driver/Sources/gw1ns4c_uart.o
 .debug_macro   0x00004315       0xfc ./lib/CMSIS/DeviceSupport/system/system_gw1ns4c.o

.debug_line     0x00000000     0x376b
 .debug_line    0x00000000      0x6ff ./template/algorithm.o
 .debug_line    0x000006ff      0x68b ./template/gw1ns4c_it.o
 .debug_line    0x00000d8a      0x388 ./template/linealg.o
 .debug_line    0x00001112      0x78b ./template/main.o
 .debug_line    0x0000189d      0x2c3 ./template/mymath.o
 .debug_line    0x00001b60      0x4fc ./template/strio.o
 .debug_line    0x0000205c      0x66b ./lib/StdPeriph_Driver/Sources/gw1ns4c_gpio.o
 .debug_line    0x000026c7      0x53a ./lib/StdPeriph_Driver/Sources/gw1ns4c_timer.o
 .debug_line    0x00002c01      0x6aa ./lib/StdPeriph_Driver/Sources/gw1ns4c_uart.o
 .debug_line    0x000032ab      0x40c ./lib/CMSIS/DeviceSupport/system/system_gw1ns4c.o
 .debug_line    0x000036b7       0xb4 ./lib/CMSIS/DeviceSupport/startup/gmd/startup_gw1ns4c.o

.debug_str      0x00000000     0xed4b
 .debug_str     0x00000000     0x8139 ./template/algorithm.o
                               0x849b (size before relaxing)
 .debug_str     0x00008139     0x4e58 ./template/gw1ns4c_it.o
                               0x8ab7 (size before relaxing)
 .debug_str     0x0000cf91       0x5f ./template/linealg.o
                               0x7fe3 (size before relaxing)
 .debug_str     0x0000cff0     0x1678 ./template/main.o
                               0xe4de (size before relaxing)
 .debug_str     0x0000e668       0x3c ./template/mymath.o
                               0x7f75 (size before relaxing)
 .debug_str     0x0000e6a4       0xf7 ./template/strio.o
                               0x81b9 (size before relaxing)
 .debug_str     0x0000e79b      0x19c ./lib/StdPeriph_Driver/Sources/gw1ns4c_gpio.o
                               0x8b73 (size before relaxing)
 .debug_str     0x0000e937      0x129 ./lib/StdPeriph_Driver/Sources/gw1ns4c_timer.o
                               0x8a3d (size before relaxing)
 .debug_str     0x0000ea60      0x234 ./lib/StdPeriph_Driver/Sources/gw1ns4c_uart.o
                               0x8b94 (size before relaxing)
 .debug_str     0x0000ec94       0x70 ./lib/CMSIS/DeviceSupport/system/system_gw1ns4c.o
                               0x88aa (size before relaxing)
 .debug_str     0x0000ed04       0x47 ./lib/CMSIS/DeviceSupport/startup/gmd/startup_gw1ns4c.o
                                 0x82 (size before relaxing)

.debug_frame    0x00000000     0x202c
 .debug_frame   0x00000000      0x230 ./template/algorithm.o
 .debug_frame   0x00000230      0x490 ./template/gw1ns4c_it.o
 .debug_frame   0x000006c0      0x12c ./template/linealg.o
 .debug_frame   0x000007ec      0x18c ./template/main.o
 .debug_frame   0x00000978      0x100 ./template/mymath.o
 .debug_frame   0x00000a78      0x1b4 ./template/strio.o
 .debug_frame   0x00000c2c      0x330 ./lib/StdPeriph_Driver/Sources/gw1ns4c_gpio.o
 .debug_frame   0x00000f5c      0x218 ./lib/StdPeriph_Driver/Sources/gw1ns4c_timer.o
 .debug_frame   0x00001174      0x354 ./lib/StdPeriph_Driver/Sources/gw1ns4c_uart.o
 .debug_frame   0x000014c8       0x50 ./lib/CMSIS/DeviceSupport/system/system_gw1ns4c.o
 .debug_frame   0x00001518       0xac c:/gmd/toolchain/arm_toolchain/bin/../lib/gcc/arm-none-eabi/8.3.1/thumb/v7-m/nofp\libgcc.a(_arm_addsubdf3.o)
 .debug_frame   0x000015c4       0x50 c:/gmd/toolchain/arm_toolchain/bin/../lib/gcc/arm-none-eabi/8.3.1/thumb/v7-m/nofp\libgcc.a(_arm_muldivdf3.o)
 .debug_frame   0x00001614       0xc4 c:/gmd/toolchain/arm_toolchain/bin/../lib/gcc/arm-none-eabi/8.3.1/thumb/v7-m/nofp\libgcc.a(_arm_cmpdf2.o)
 .debug_frame   0x000016d8       0x24 c:/gmd/toolchain/arm_toolchain/bin/../lib/gcc/arm-none-eabi/8.3.1/thumb/v7-m/nofp\libgcc.a(_arm_truncdfsf2.o)
 .debug_frame   0x000016fc       0x4c c:/gmd/toolchain/arm_toolchain/bin/../lib/gcc/arm-none-eabi/8.3.1/thumb/v7-m/nofp\libgcc.a(_arm_addsubsf3.o)
 .debug_frame   0x00001748       0x38 c:/gmd/toolchain/arm_toolchain/bin/../lib/gcc/arm-none-eabi/8.3.1/thumb/v7-m/nofp\libgcc.a(_arm_muldivsf3.o)
 .debug_frame   0x00001780       0xc8 c:/gmd/toolchain/arm_toolchain/bin/../lib/gcc/arm-none-eabi/8.3.1/thumb/v7-m/nofp\libgcc.a(_arm_cmpsf2.o)
 .debug_frame   0x00001848       0x24 c:/gmd/toolchain/arm_toolchain/bin/../lib/gcc/arm-none-eabi/8.3.1/thumb/v7-m/nofp\libgcc.a(_arm_fixsfsi.o)
 .debug_frame   0x0000186c       0x28 c:/gmd/toolchain/arm_toolchain/bin/../lib/gcc/arm-none-eabi/8.3.1/../../../../arm-none-eabi/lib/thumb/v7-m/nofp\libg.a(lib_a-exit.o)
 .debug_frame   0x00001894       0x5c c:/gmd/toolchain/arm_toolchain/bin/../lib/gcc/arm-none-eabi/8.3.1/../../../../arm-none-eabi/lib/thumb/v7-m/nofp\libg.a(lib_a-__call_atexit.o)
 .debug_frame   0x000018f0       0xb0 c:/gmd/toolchain/arm_toolchain/bin/../lib/gcc/arm-none-eabi/8.3.1/../../../../arm-none-eabi/lib/thumb/v7-m/nofp\libg.a(lib_a-lock.o)
 .debug_frame   0x000019a0       0x38 c:/gmd/toolchain/arm_toolchain/bin/../lib/gcc/arm-none-eabi/8.3.1/../../../../arm-none-eabi/lib/thumb/v7-m/nofp\libm.a(lib_a-s_atan.o)
 .debug_frame   0x000019d8       0x38 c:/gmd/toolchain/arm_toolchain/bin/../lib/gcc/arm-none-eabi/8.3.1/../../../../arm-none-eabi/lib/thumb/v7-m/nofp\libm.a(lib_a-s_cos.o)
 .debug_frame   0x00001a10       0x20 c:/gmd/toolchain/arm_toolchain/bin/../lib/gcc/arm-none-eabi/8.3.1/../../../../arm-none-eabi/lib/thumb/v7-m/nofp\libm.a(lib_a-s_fabs.o)
 .debug_frame   0x00001a30       0x38 c:/gmd/toolchain/arm_toolchain/bin/../lib/gcc/arm-none-eabi/8.3.1/../../../../arm-none-eabi/lib/thumb/v7-m/nofp\libm.a(lib_a-s_sin.o)
 .debug_frame   0x00001a68       0x38 c:/gmd/toolchain/arm_toolchain/bin/../lib/gcc/arm-none-eabi/8.3.1/../../../../arm-none-eabi/lib/thumb/v7-m/nofp\libm.a(lib_a-w_asin.o)
 .debug_frame   0x00001aa0       0x34 c:/gmd/toolchain/arm_toolchain/bin/../lib/gcc/arm-none-eabi/8.3.1/../../../../arm-none-eabi/lib/thumb/v7-m/nofp\libm.a(lib_a-w_pow.o)
 .debug_frame   0x00001ad4       0x30 c:/gmd/toolchain/arm_toolchain/bin/../lib/gcc/arm-none-eabi/8.3.1/../../../../arm-none-eabi/lib/thumb/v7-m/nofp\libm.a(lib_a-w_sqrt.o)
 .debug_frame   0x00001b04       0x2c c:/gmd/toolchain/arm_toolchain/bin/../lib/gcc/arm-none-eabi/8.3.1/../../../../arm-none-eabi/lib/thumb/v7-m/nofp\libm.a(lib_a-wf_pow.o)
 .debug_frame   0x00001b30       0x50 c:/gmd/toolchain/arm_toolchain/bin/../lib/gcc/arm-none-eabi/8.3.1/../../../../arm-none-eabi/lib/thumb/v7-m/nofp\libm.a(lib_a-e_asin.o)
 .debug_frame   0x00001b80       0x64 c:/gmd/toolchain/arm_toolchain/bin/../lib/gcc/arm-none-eabi/8.3.1/../../../../arm-none-eabi/lib/thumb/v7-m/nofp\libm.a(lib_a-e_pow.o)
 .debug_frame   0x00001be4       0x4c c:/gmd/toolchain/arm_toolchain/bin/../lib/gcc/arm-none-eabi/8.3.1/../../../../arm-none-eabi/lib/thumb/v7-m/nofp\libm.a(lib_a-e_rem_pio2.o)
 .debug_frame   0x00001c30       0x30 c:/gmd/toolchain/arm_toolchain/bin/../lib/gcc/arm-none-eabi/8.3.1/../../../../arm-none-eabi/lib/thumb/v7-m/nofp\libm.a(lib_a-e_sqrt.o)
 .debug_frame   0x00001c60       0x64 c:/gmd/toolchain/arm_toolchain/bin/../lib/gcc/arm-none-eabi/8.3.1/../../../../arm-none-eabi/lib/thumb/v7-m/nofp\libm.a(lib_a-ef_pow.o)
 .debug_frame   0x00001cc4       0x30 c:/gmd/toolchain/arm_toolchain/bin/../lib/gcc/arm-none-eabi/8.3.1/../../../../arm-none-eabi/lib/thumb/v7-m/nofp\libm.a(lib_a-ef_sqrt.o)
 .debug_frame   0x00001cf4       0x4c c:/gmd/toolchain/arm_toolchain/bin/../lib/gcc/arm-none-eabi/8.3.1/../../../../arm-none-eabi/lib/thumb/v7-m/nofp\libm.a(lib_a-k_cos.o)
 .debug_frame   0x00001d40       0x58 c:/gmd/toolchain/arm_toolchain/bin/../lib/gcc/arm-none-eabi/8.3.1/../../../../arm-none-eabi/lib/thumb/v7-m/nofp\libm.a(lib_a-k_rem_pio2.o)
 .debug_frame   0x00001d98       0x48 c:/gmd/toolchain/arm_toolchain/bin/../lib/gcc/arm-none-eabi/8.3.1/../../../../arm-none-eabi/lib/thumb/v7-m/nofp\libm.a(lib_a-k_sin.o)
 .debug_frame   0x00001de0       0x20 c:/gmd/toolchain/arm_toolchain/bin/../lib/gcc/arm-none-eabi/8.3.1/../../../../arm-none-eabi/lib/thumb/v7-m/nofp\libm.a(lib_a-s_finite.o)
 .debug_frame   0x00001e00       0x30 c:/gmd/toolchain/arm_toolchain/bin/../lib/gcc/arm-none-eabi/8.3.1/../../../../arm-none-eabi/lib/thumb/v7-m/nofp\libm.a(lib_a-s_floor.o)
 .debug_frame   0x00001e30       0x20 c:/gmd/toolchain/arm_toolchain/bin/../lib/gcc/arm-none-eabi/8.3.1/../../../../arm-none-eabi/lib/thumb/v7-m/nofp\libm.a(lib_a-s_nan.o)
 .debug_frame   0x00001e50       0x44 c:/gmd/toolchain/arm_toolchain/bin/../lib/gcc/arm-none-eabi/8.3.1/../../../../arm-none-eabi/lib/thumb/v7-m/nofp\libm.a(lib_a-s_rint.o)
 .debug_frame   0x00001e94       0x30 c:/gmd/toolchain/arm_toolchain/bin/../lib/gcc/arm-none-eabi/8.3.1/../../../../arm-none-eabi/lib/thumb/v7-m/nofp\libm.a(lib_a-s_scalbn.o)
 .debug_frame   0x00001ec4       0x20 c:/gmd/toolchain/arm_toolchain/bin/../lib/gcc/arm-none-eabi/8.3.1/../../../../arm-none-eabi/lib/thumb/v7-m/nofp\libm.a(lib_a-sf_fabs.o)
 .debug_frame   0x00001ee4       0x20 c:/gmd/toolchain/arm_toolchain/bin/../lib/gcc/arm-none-eabi/8.3.1/../../../../arm-none-eabi/lib/thumb/v7-m/nofp\libm.a(lib_a-sf_finite.o)
 .debug_frame   0x00001f04       0x20 c:/gmd/toolchain/arm_toolchain/bin/../lib/gcc/arm-none-eabi/8.3.1/../../../../arm-none-eabi/lib/thumb/v7-m/nofp\libm.a(lib_a-sf_nan.o)
 .debug_frame   0x00001f24       0x38 c:/gmd/toolchain/arm_toolchain/bin/../lib/gcc/arm-none-eabi/8.3.1/../../../../arm-none-eabi/lib/thumb/v7-m/nofp\libm.a(lib_a-sf_rint.o)
 .debug_frame   0x00001f5c       0x28 c:/gmd/toolchain/arm_toolchain/bin/../lib/gcc/arm-none-eabi/8.3.1/../../../../arm-none-eabi/lib/thumb/v7-m/nofp\libm.a(lib_a-sf_scalbn.o)
 .debug_frame   0x00001f84       0x20 c:/gmd/toolchain/arm_toolchain/bin/../lib/gcc/arm-none-eabi/8.3.1/../../../../arm-none-eabi/lib/thumb/v7-m/nofp\libnosys.a(_exit.o)
 .debug_frame   0x00001fa4       0x20 c:/gmd/toolchain/arm_toolchain/bin/../lib/gcc/arm-none-eabi/8.3.1/thumb/v7-m/nofp\libgcc.a(_arm_unorddf2.o)
 .debug_frame   0x00001fc4       0x24 c:/gmd/toolchain/arm_toolchain/bin/../lib/gcc/arm-none-eabi/8.3.1/thumb/v7-m/nofp\libgcc.a(_arm_fixdfsi.o)
 .debug_frame   0x00001fe8       0x24 c:/gmd/toolchain/arm_toolchain/bin/../lib/gcc/arm-none-eabi/8.3.1/thumb/v7-m/nofp\libgcc.a(_arm_unordsf2.o)
 .debug_frame   0x0000200c       0x20 c:/gmd/toolchain/arm_toolchain/bin/../lib/gcc/arm-none-eabi/8.3.1/../../../../arm-none-eabi/lib/thumb/v7-m/nofp\libc.a(lib_a-errno.o)
